\c bkdb
You are now connected to database "bkdb" as user "sivand".
select * from heap_table;
 column1 | column2 |  column3   
---------+---------+------------
       0 | backup  | 2010-01-01
       1 | backup  | 2010-01-02
       2 | backup  | 2010-01-03
       3 | backup  | 2010-01-04
       4 | backup  | 2010-01-05
       5 | backup  | 2010-01-06
       6 | backup  | 2010-01-07
       7 | backup  | 2010-01-08
       8 | backup  | 2010-01-09
       9 | backup  | 2010-01-10
      10 | backup  | 2010-01-11
       0 | restore | 2010-01-01
       1 | restore | 2010-01-02
       2 | restore | 2010-01-03
       3 | restore | 2010-01-04
       4 | restore | 2010-01-05
       5 | restore | 2010-01-06
       6 | restore | 2010-01-07
       7 | restore | 2010-01-08
       8 | restore | 2010-01-09
       9 | restore | 2010-01-10
      10 | restore | 2010-01-11
(22 rows)

select * from heap_table2;
 column1 | column2 |  column3   
---------+---------+------------
       0 | backup  | 2010-01-01
       1 | backup  | 2010-01-02
       2 | backup  | 2010-01-03
       3 | backup  | 2010-01-04
       4 | backup  | 2010-01-05
       5 | backup  | 2010-01-06
       6 | backup  | 2010-01-07
       7 | backup  | 2010-01-08
       8 | backup  | 2010-01-09
       9 | backup  | 2010-01-10
      10 | backup  | 2010-01-11
       0 | restore | 2010-01-01
       1 | restore | 2010-01-02
       2 | restore | 2010-01-03
       3 | restore | 2010-01-04
       4 | restore | 2010-01-05
       5 | restore | 2010-01-06
       6 | restore | 2010-01-07
       7 | restore | 2010-01-08
       8 | restore | 2010-01-09
       9 | restore | 2010-01-10
      10 | restore | 2010-01-11
(22 rows)

insert into heap_table values(12,'newvalue', '2012-12-12');
INSERT 0 1
insert into heap_table2 values(12,'newvalue', '2012-12-12');
INSERT 0 1
select * from heap_table where column1=12;
 column1 | column2  |  column3   
---------+----------+------------
      12 | newvalue | 2012-12-12
(1 row)

select * from heap_table2 where column1=12;
 column1 | column2  |  column3   
---------+----------+------------
      12 | newvalue | 2012-12-12
(1 row)

