select relnatts from pg_class where relname='pg_proc';
 relnatts 
----------
       19
(1 row)

select distinct relnatts from gp_dist_random('pg_class') where relname='pg_proc';
 relnatts 
----------
       19
(1 row)

select count(*) from pg_attribute where attrelid='pg_proc'::regclass and attnum > 0;
 count 
-------
    19
(1 row)

select distinct count(*) from gp_dist_random('pg_attribute') where attrelid='pg_proc'::regclass and attnum > 0;
 count 
-------
    19
(1 row)

\d pg_proc
       Table "pg_catalog.pg_proc"
     Column     |   Type    | Modifiers 
----------------+-----------+-----------
 proname        | name      | not null
 pronamespace   | oid       | not null
 proowner       | oid       | not null
 prolang        | oid       | not null
 proisagg       | boolean   | not null
 prosecdef      | boolean   | not null
 proisstrict    | boolean   | not null
 proretset      | boolean   | not null
 provolatile    | "char"    | not null
 pronargs       | smallint  | not null
 prorettype     | oid       | not null
 proiswin       | boolean   | not null
 proargtypes    | oidvector | not null
 proallargtypes | oid[]     | 
 proargmodes    | "char"[]  | 
 proargnames    | text[]    | 
 prosrc         | text      | 
 probin         | bytea     | 
 proacl         | aclitem[] | 
Indexes:
    "pg_proc_oid_index" UNIQUE, btree (oid)
    "pg_proc_proname_args_nsp_index" UNIQUE, btree (proname, proargtypes, pronamespace)


-- MODIFIES SQL
select proname, prodataaccess from pg_proc
where oid = 1645;
psql:/path/sql_file:1: ERROR:  column "prodataaccess" does not exist
LINE 1: select proname, prodataaccess from pg_proc
                        ^
-- READS SQL
select proname, prodataaccess from pg_proc
where oid = 2324; 
psql:/path/sql_file:1: ERROR:  column "prodataaccess" does not exist
LINE 1: select proname, prodataaccess from pg_proc
                        ^
-- READS SQL
select proname, prodataaccess from pg_proc
where oid = 1371 or oid = 2168 or oid = 6023;
psql:/path/sql_file:1: ERROR:  column "prodataaccess" does not exist
LINE 1: select proname, prodataaccess from pg_proc
                        ^
-- READS SQL
select proname, prodataaccess from pg_proc
where oid = 2288; 
psql:/path/sql_file:1: ERROR:  column "prodataaccess" does not exist
LINE 1: select proname, prodataaccess from pg_proc
                        ^
-- READS SQL
select proname, prodataaccess from pg_proc 
where oid = 7169; 
psql:/path/sql_file:1: ERROR:  column "prodataaccess" does not exist
LINE 1: select proname, prodataaccess from pg_proc 
                        ^
-- MODIFIES SQL
select proname, prodataaccess from pg_proc 
where oid >= 7173 and oid <= 7174;
psql:/path/sql_file:1: ERROR:  column "prodataaccess" does not exist
LINE 1: select proname, prodataaccess from pg_proc 
                        ^
-- CONTAINS SQL 
select proname, prodataaccess from pg_proc 
where prolang = 14;
psql:/path/sql_file:1: ERROR:  column "prodataaccess" does not exist
LINE 1: select proname, prodataaccess from pg_proc 
                        ^
-- NO SQL
select proname, prodataaccess from pg_proc 
where oid = 1242;
psql:/path/sql_file:1: ERROR:  column "prodataaccess" does not exist
LINE 1: select proname, prodataaccess from pg_proc 
                        ^
select * from pg_proc
where proname = 'func1';
 proname | pronamespace | proowner | prolang | proisagg | prosecdef | proisstrict | proretset | provolatile | pronargs | prorettype | proiswin | proargtypes | proallargtypes | proargmodes | proargnames |      prosrc       | probin | proacl 
---------+--------------+----------+---------+----------+-----------+-------------+-----------+-------------+----------+------------+----------+-------------+----------------+-------------+-------------+-------------------+--------+--------
 func1   |         2200 |       10 |      14 | f        | f         | f           | f         | v           |        2 |         23 | f        | 23 23       |                |             |             |                   | -      | 
                                                                                                                                                                                                          :   select $1 + $2;            
                                                                                                                                                                                                          :                              
(1 row)

select * from pg_proc
where proname = 'func2';
 proname | pronamespace | proowner | prolang | proisagg | prosecdef | proisstrict | proretset | provolatile | pronargs | prorettype | proiswin | proargtypes | proallargtypes | proargmodes | proargnames |                             prosrc                             | probin | proacl 
---------+--------------+----------+---------+----------+-----------+-------------+-----------+-------------+----------+------------+----------+-------------+----------------+-------------+-------------+----------------------------------------------------------------+--------+--------
 func2   |         2200 |       10 |   10887 | f        | f         | f           | f         | v           |        2 |       1043 | f        | 23 23       |                |             |             |                                                                | -      | 
                                                                                                                                                                                                          : declare                                                                   
                                                                                                                                                                                                          :         v_name varchar(50) DEFAULT 'zzzzz';                               
                                                                                                                                                                                                          : begin                                                                     
                                                                                                                                                                                                          :         select relname from pg_class into v_name where oid=$1;            
                                                                                                                                                                                                          :         return v_name;                                                    
                                                                                                                                                                                                          : end;                                                                      
                                                                                                                                                                                                          :                                                                           
(1 row)

-- OID of gp_persistent_relation_node
select func2(5090,0);
       func2
--------------------
 gp_persistent_relation_node
(1 row)

