INSERT INTO ao SELECT i as a, i as b FROM generate_series(11, 20) AS i;
INSERT 0 10
INSERT INTO aocs SELECT i as a, i as b FROM generate_series(11, 20) AS i;
INSERT 0 10
SELECT a FROM ao ORDER BY a;
1
2
3
4
5
6
7
8
9
10
11
12
13
14
15
16
17
18
19
20
(20 rows)
SELECT a FROM aocs ORDER BY a;
1
2
3
4
5
6
7
8
9
10
11
12
13
14
15
16
17
18
19
20
(20 rows)
DELETE FROM ao WHERE a = 1;
DELETE 1
DELETE FROM aocs WHERE a = 1;
DELETE 1
UPDATE ao SET b = 0 WHERE a = 2;
UPDATE 1
UPDATE aocs SET b = 0 WHERE a = 2;
UPDATE 1
